[13:26:40] I/launcher - Running 1 instances of WebDriver
[13:26:40] I/hosted - Using the selenium server at http://localhost:4444/wd/hub
Started
[32m.[0m[32m.[0m[31mF[0m[32m.[0m[32m.[0m[32m.[0m[32m.[0m[32m.[0m

Failures:
1) CGM_CLICKDOC_application_Testing check name input and dropdown of name input
  Message:
[31m    Expected '1. Betriebsst盲tte HZV BW BKK BOSCH' to contain 'Beate'.[0m
  Stack:
    Error: Failed expectation
        at C:\Users\kxf\Desktop\CGM\automatictesting\PhysicianSearch-Test\spec.js:100:70
        at ManagedPromise.invokeCallback_ (C:\Users\kxf\AppData\Roaming\npm\node_modules\protractor\node_modules\selenium-webdriver\lib\promise.js:1376:14)
        at TaskQueue.execute_ (C:\Users\kxf\AppData\Roaming\npm\node_modules\protractor\node_modules\selenium-webdriver\lib\promise.js:3084:14)
        at TaskQueue.executeNext_ (C:\Users\kxf\AppData\Roaming\npm\node_modules\protractor\node_modules\selenium-webdriver\lib\promise.js:3067:27)
        at C:\Users\kxf\AppData\Roaming\npm\node_modules\protractor\node_modules\selenium-webdriver\lib\promise.js:2927:27
        at C:\Users\kxf\AppData\Roaming\npm\node_modules\protractor\node_modules\selenium-webdriver\lib\promise.js:668:7
        at processTicksAndRejections (internal/process/task_queues.js:97:5)
  Message:
[31m    Expected true to be false.[0m
  Stack:
    Error: Failed expectation
        at UserContext.<anonymous> (C:\Users\kxf\Desktop\CGM\automatictesting\PhysicianSearch-Test\spec.js:127:46)
        at C:\Users\kxf\AppData\Roaming\npm\node_modules\protractor\node_modules\jasminewd2\index.js:112:25
        at new ManagedPromise (C:\Users\kxf\AppData\Roaming\npm\node_modules\protractor\node_modules\selenium-webdriver\lib\promise.js:1077:7)
        at ControlFlow.promise (C:\Users\kxf\AppData\Roaming\npm\node_modules\protractor\node_modules\selenium-webdriver\lib\promise.js:2505:12)
        at schedulerExecute (C:\Users\kxf\AppData\Roaming\npm\node_modules\protractor\node_modules\jasminewd2\index.js:95:18)
        at TaskQueue.execute_ (C:\Users\kxf\AppData\Roaming\npm\node_modules\protractor\node_modules\selenium-webdriver\lib\promise.js:3084:14)
        at TaskQueue.executeNext_ (C:\Users\kxf\AppData\Roaming\npm\node_modules\protractor\node_modules\selenium-webdriver\lib\promise.js:3067:27)
        at C:\Users\kxf\AppData\Roaming\npm\node_modules\protractor\node_modules\selenium-webdriver\lib\promise.js:2974:25
        at C:\Users\kxf\AppData\Roaming\npm\node_modules\protractor\node_modules\selenium-webdriver\lib\promise.js:668:7

8 specs, 1 failure
Finished in 75.08 seconds

[13:27:57] I/launcher - 0 instance(s) of WebDriver still running
[13:27:57] I/launcher - chrome #01 failed 1 test(s)
[13:27:57] I/launcher - overall: 1 failed spec(s)
[13:27:57] E/launcher - Process exited with error code 1
